2026-09-28 08:34:00,873 | INFO     | MainThread | evc_gui.ui.main_window | Logging switched to evc_gui_demo.log
2026-09-28 08:34:00,873 | INFO     | MainThread | evc_gui.ui.main_window | Demo mode enabled: generating synthetic pdat1/psum1 stream.
2026-09-28 08:34:00,873 | INFO     | MainThread | evc_gui.state_machine | State transition SCAN_EQUIPMENT -> CHECK_CONNECTION: Validate existing connection
2026-09-28 08:34:00,873 | INFO     | MainThread | evc_gui.ui.main_window | SCAN_EQUIPMENT -> CHECK_CONNECTION: Validate existing connection
2026-09-28 08:34:00,873 | INFO     | MainThread | evc_gui.state_machine | State transition CHECK_CONNECTION -> GETTING_START: Prepare monitoring
2026-09-28 08:34:00,874 | INFO     | MainThread | evc_gui.ui.main_window | CHECK_CONNECTION -> GETTING_START: Prepare monitoring
2026-09-28 08:34:00,874 | INFO     | MainThread | evc_gui.state_machine | State transition GETTING_START -> RUN: Phase 2 data acquisition run
2026-09-28 08:34:00,874 | INFO     | MainThread | evc_gui.ui.main_window | GETTING_START -> RUN: Phase 2 data acquisition run
2026-09-28 08:34:00,876 | INFO     | MainThread | evc_gui.ui.main_window | RUN entered. Feeding demo data into Power Scope.
2026-09-28 08:34:34,943 | INFO     | MainThread | evc_gui.state_machine | State transition RUN -> IDLE: User abort
2026-09-28 08:34:34,943 | INFO     | MainThread | evc_gui.ui.main_window | RUN -> IDLE: User abort
2026-09-28 08:34:34,945 | INFO     | MainThread | evc_gui.ui.main_window | Run aborted safely
2026-09-28 08:34:36,923 | INFO     | MainThread | evc_gui.state_machine | State transition IDLE -> SCAN_EQUIPMENT: Run requested
2026-09-28 08:34:36,923 | INFO     | MainThread | evc_gui.ui.main_window | IDLE -> SCAN_EQUIPMENT: Run requested
2026-09-28 08:34:37,035 | INFO     | MainThread | evc_gui.services.serial_service | Command 'ver' response received
2026-09-28 08:34:37,045 | INFO     | MainThread | evc_gui.ui.main_window | ver response:
ver
EVC Tykon DNET (782000031) Version 0.1.0.40
FPGA (783000031) Version 1.0.0.5
18:40:09>
2026-09-28 08:34:37,046 | INFO     | MainThread | evc_gui.ui.main_window | Detected product type: Tykon
2026-09-28 08:34:37,046 | INFO     | MainThread | evc_gui.ui.main_window | Detected firmware: EVC Tykon DNET (782000031) Version 0.1.0.40
2026-09-28 08:34:37,157 | INFO     | MainThread | evc_gui.services.serial_service | Command 'sn' response received
2026-09-28 08:34:37,168 | INFO     | MainThread | evc_gui.ui.main_window | sn response:
sn
Board S/N: EVC_ctrl_TF10
Unit  S/N: 5330TF10
Unit HW Rev: D
18:40:10>
2026-09-28 08:34:37,168 | INFO     | MainThread | evc_gui.ui.main_window | Detected product type: Tykon
2026-09-28 08:34:37,280 | INFO     | MainThread | evc_gui.services.serial_service | Command 'ver' response received
2026-09-28 08:34:37,290 | INFO     | MainThread | evc_gui.ui.main_window | Already at 230400 baud and communication verified
2026-09-28 08:34:37,290 | INFO     | MainThread | evc_gui.state_machine | State transition SCAN_EQUIPMENT -> CHECK_CONNECTION: Validate existing connection
2026-09-28 08:34:37,290 | INFO     | MainThread | evc_gui.ui.main_window | SCAN_EQUIPMENT -> CHECK_CONNECTION: Validate existing connection
2026-09-28 08:34:37,290 | INFO     | MainThread | evc_gui.state_machine | State transition CHECK_CONNECTION -> GETTING_START: Prepare monitoring
2026-09-28 08:34:37,291 | INFO     | MainThread | evc_gui.ui.main_window | CHECK_CONNECTION -> GETTING_START: Prepare monitoring
2026-09-28 08:34:37,291 | INFO     | MainThread | evc_gui.state_machine | State transition GETTING_START -> RUN: Phase 2 data acquisition run
2026-09-28 08:34:37,291 | INFO     | MainThread | evc_gui.ui.main_window | GETTING_START -> RUN: Phase 2 data acquisition run
2026-09-28 08:34:37,293 | INFO     | MainThread | evc_gui.ui.main_window | RUN entered. Querying pdat1 + psum1 and updating Power Scope.
2026-09-28 08:34:37,343 | INFO     | Dummy-3 | evc_gui.services.serial_service | Command 'pdat1' response received
2026-09-28 08:34:37,403 | INFO     | Dummy-3 | evc_gui.services.serial_service | Command 'psum1' response received
2026-09-28 08:34:37,590 | INFO     | Dummy-3 | evc_gui.services.serial_service | Command 'pdat1' response received
2026-09-28 08:34:37,650 | INFO     | Dummy-3 | evc_gui.services.serial_service | Command 'psum1' response received
2026-09-28 08:34:37,829 | INFO     | Dummy-3 | evc_gui.services.serial_service | Command 'pdat1' response received
2026-09-28 08:34:37,888 | INFO     | Dummy-3 | evc_gui.services.serial_service | Command 'psum1' response received
2026-09-28 08:34:38,069 | INFO     | Dummy-3 | evc_gui.services.serial_service | Command 'pdat1' response received
2026-09-28 08:34:38,129 | INFO     | Dummy-3 | evc_gui.services.serial_service | Command 'psum1' response received
2026-09-28 08:34:38,308 | INFO     | Dummy-3 | evc_gui.services.serial_service | Command 'pdat1' response received
2026-09-28 08:34:38,368 | INFO     | Dummy-3 | evc_gui.services.serial_service | Command 'psum1' response received
2026-09-28 08:34:38,548 | INFO     | Dummy-3 | evc_gui.services.serial_service | Command 'pdat1' response received
2026-09-28 08:34:38,609 | INFO     | Dummy-3 | evc_gui.services.serial_service | Command 'psum1' response received
2026-09-28 08:34:38,790 | INFO     | Dummy-3 | evc_gui.services.serial_service | Command 'pdat1' response received
2026-09-28 08:34:38,849 | INFO     | Dummy-3 | evc_gui.services.serial_service | Command 'psum1' response received
2026-09-28 08:34:39,029 | INFO     | Dummy-3 | evc_gui.services.serial_service | Command 'pdat1' response received
2026-09-28 08:34:39,088 | INFO     | Dummy-3 | evc_gui.services.serial_service | Command 'psum1' response received
2026-09-28 08:34:39,267 | INFO     | Dummy-3 | evc_gui.services.serial_service | Command 'pdat1' response received
2026-09-28 08:34:39,326 | INFO     | Dummy-3 | evc_gui.services.serial_service | Command 'psum1' response received
2026-09-28 08:34:39,506 | INFO     | Dummy-3 | evc_gui.services.serial_service | Command 'pdat1' response received
2026-09-28 08:34:39,565 | INFO     | Dummy-3 | evc_gui.services.serial_service | Command 'psum1' response received
2026-09-28 08:34:39,744 | INFO     | Dummy-3 | evc_gui.services.serial_service | Command 'pdat1' response received
2026-09-28 08:34:39,804 | INFO     | Dummy-3 | evc_gui.services.serial_service | Command 'psum1' response received
2026-09-28 08:34:39,983 | INFO     | Dummy-3 | evc_gui.services.serial_service | Command 'pdat1' response received
2026-09-28 08:34:40,042 | INFO     | Dummy-3 | evc_gui.services.serial_service | Command 'psum1' response received
2026-09-28 08:34:40,221 | INFO     | Dummy-3 | evc_gui.services.serial_service | Command 'pdat1' response received
2026-09-28 08:34:40,281 | INFO     | Dummy-3 | evc_gui.services.serial_service | Command 'psum1' response received
2026-09-28 08:34:40,461 | INFO     | Dummy-3 | evc_gui.services.serial_service | Command 'pdat1' response received
2026-09-28 08:34:40,520 | INFO     | Dummy-3 | evc_gui.services.serial_service | Command 'psum1' response received
2026-09-28 08:34:40,699 | INFO     | Dummy-3 | evc_gui.services.serial_service | Command 'pdat1' response received
2026-09-28 08:34:40,759 | INFO     | Dummy-3 | evc_gui.services.serial_service | Command 'psum1' response received
2026-09-28 08:34:40,937 | INFO     | Dummy-3 | evc_gui.services.serial_service | Command 'pdat1' response received
2026-09-28 08:34:40,997 | INFO     | Dummy-3 | evc_gui.services.serial_service | Command 'psum1' response received
2026-09-28 08:34:41,175 | INFO     | Dummy-3 | evc_gui.services.serial_service | Command 'pdat1' response received
2026-09-28 08:34:41,234 | INFO     | Dummy-3 | evc_gui.services.serial_service | Command 'psum1' response received
2026-09-28 08:34:41,413 | INFO     | Dummy-3 | evc_gui.services.serial_service | Command 'pdat1' response received
2026-09-28 08:34:41,474 | INFO     | Dummy-3 | evc_gui.services.serial_service | Command 'psum1' response received
2026-09-28 08:34:41,653 | INFO     | Dummy-3 | evc_gui.services.serial_service | Command 'pdat1' response received
2026-09-28 08:34:41,712 | INFO     | Dummy-3 | evc_gui.services.serial_service | Command 'psum1' response received
2026-09-28 08:34:41,892 | INFO     | Dummy-3 | evc_gui.services.serial_service | Command 'pdat1' response received
2026-09-28 08:34:41,952 | INFO     | Dummy-3 | evc_gui.services.serial_service | Command 'psum1' response received
2026-09-28 08:34:42,131 | INFO     | Dummy-3 | evc_gui.services.serial_service | Command 'pdat1' response received
2026-09-28 08:34:42,193 | INFO     | Dummy-3 | evc_gui.services.serial_service | Command 'psum1' response received
2026-09-28 08:34:42,373 | INFO     | Dummy-3 | evc_gui.services.serial_service | Command 'pdat1' response received
2026-09-28 08:34:42,432 | INFO     | Dummy-3 | evc_gui.services.serial_service | Command 'psum1' response received
2026-09-28 08:34:42,611 | INFO     | Dummy-3 | evc_gui.services.serial_service | Command 'pdat1' response received
2026-09-28 08:34:42,672 | INFO     | Dummy-3 | evc_gui.services.serial_service | Command 'psum1' response received
2026-09-28 08:34:42,851 | INFO     | Dummy-3 | evc_gui.services.serial_service | Command 'pdat1' response received
2026-09-28 08:34:42,911 | INFO     | Dummy-3 | evc_gui.services.serial_service | Command 'psum1' response received
2026-09-28 08:34:43,092 | INFO     | Dummy-3 | evc_gui.services.serial_service | Command 'pdat1' response received
2026-09-28 08:34:43,152 | INFO     | Dummy-3 | evc_gui.services.serial_service | Command 'psum1' response received
2026-09-28 08:34:43,331 | INFO     | Dummy-3 | evc_gui.services.serial_service | Command 'pdat1' response received
2026-09-28 08:34:43,393 | INFO     | Dummy-3 | evc_gui.services.serial_service | Command 'psum1' response received
2026-09-28 08:34:43,573 | INFO     | Dummy-3 | evc_gui.services.serial_service | Command 'pdat1' response received
2026-09-28 08:34:43,632 | INFO     | Dummy-3 | evc_gui.services.serial_service | Command 'psum1' response received
2026-09-28 08:34:43,811 | INFO     | Dummy-3 | evc_gui.services.serial_service | Command 'pdat1' response received
2026-09-28 08:34:43,873 | INFO     | Dummy-3 | evc_gui.services.serial_service | Command 'psum1' response received
2026-09-28 08:34:44,052 | INFO     | Dummy-3 | evc_gui.services.serial_service | Command 'pdat1' response received
2026-09-28 08:34:44,112 | INFO     | Dummy-3 | evc_gui.services.serial_service | Command 'psum1' response received
2026-09-28 08:34:44,292 | INFO     | Dummy-3 | evc_gui.services.serial_service | Command 'pdat1' response received
2026-09-28 08:34:44,352 | INFO     | Dummy-3 | evc_gui.services.serial_service | Command 'psum1' response received
2026-09-28 08:34:44,531 | INFO     | Dummy-3 | evc_gui.services.serial_service | Command 'pdat1' response received
2026-09-28 08:34:44,593 | INFO     | Dummy-3 | evc_gui.services.serial_service | Command 'psum1' response received
2026-09-28 08:34:44,772 | INFO     | Dummy-3 | evc_gui.services.serial_service | Command 'pdat1' response received
2026-09-28 08:34:44,832 | INFO     | Dummy-3 | evc_gui.services.serial_service | Command 'psum1' response received
2026-09-28 08:34:45,012 | INFO     | Dummy-3 | evc_gui.services.serial_service | Command 'pdat1' response received
2026-09-28 08:34:45,073 | INFO     | Dummy-3 | evc_gui.services.serial_service | Command 'psum1' response received
2026-09-28 08:34:45,253 | INFO     | Dummy-3 | evc_gui.services.serial_service | Command 'pdat1' response received
2026-09-28 08:34:45,313 | INFO     | Dummy-3 | evc_gui.services.serial_service | Command 'psum1' response received
2026-09-28 08:34:45,492 | INFO     | Dummy-3 | evc_gui.services.serial_service | Command 'pdat1' response received
2026-09-28 08:34:45,552 | INFO     | Dummy-3 | evc_gui.services.serial_service | Command 'psum1' response received
2026-09-28 08:34:45,732 | INFO     | Dummy-3 | evc_gui.services.serial_service | Command 'pdat1' response received
2026-09-28 08:34:45,792 | INFO     | Dummy-3 | evc_gui.services.serial_service | Command 'psum1' response received
2026-09-28 08:34:45,972 | INFO     | Dummy-3 | evc_gui.services.serial_service | Command 'pdat1' response received
2026-09-28 08:34:46,032 | INFO     | Dummy-3 | evc_gui.services.serial_service | Command 'psum1' response received
2026-09-28 08:34:46,211 | INFO     | Dummy-3 | evc_gui.services.serial_service | Command 'pdat1' response received
2026-09-28 08:34:46,272 | INFO     | Dummy-3 | evc_gui.services.serial_service | Command 'psum1' response received
2026-09-28 08:34:46,452 | INFO     | Dummy-3 | evc_gui.services.serial_service | Command 'pdat1' response received
2026-09-28 08:34:46,513 | INFO     | Dummy-3 | evc_gui.services.serial_service | Command 'psum1' response received
2026-09-28 08:34:46,692 | INFO     | Dummy-3 | evc_gui.services.serial_service | Command 'pdat1' response received
2026-09-28 08:34:46,752 | INFO     | Dummy-3 | evc_gui.services.serial_service | Command 'psum1' response received
2026-09-28 08:34:46,931 | INFO     | Dummy-3 | evc_gui.services.serial_service | Command 'pdat1' response received
2026-09-28 08:34:46,992 | INFO     | Dummy-3 | evc_gui.services.serial_service | Command 'psum1' response received
2026-09-28 08:34:47,171 | INFO     | Dummy-3 | evc_gui.services.serial_service | Command 'pdat1' response received
2026-09-28 08:34:47,232 | INFO     | Dummy-3 | evc_gui.services.serial_service | Command 'psum1' response received
2026-09-28 08:34:47,410 | INFO     | Dummy-3 | evc_gui.services.serial_service | Command 'pdat1' response received
2026-09-28 08:34:47,472 | INFO     | Dummy-3 | evc_gui.services.serial_service | Command 'psum1' response received
2026-09-28 08:34:47,651 | INFO     | Dummy-3 | evc_gui.services.serial_service | Command 'pdat1' response received
2026-09-28 08:34:47,712 | INFO     | Dummy-3 | evc_gui.services.serial_service | Command 'psum1' response received
2026-09-28 08:34:47,845 | INFO     | MainThread | evc_gui.state_machine | State transition RUN -> IDLE: User abort
2026-09-28 08:34:47,846 | INFO     | MainThread | evc_gui.ui.main_window | RUN -> IDLE: User abort
2026-09-28 08:34:47,847 | INFO     | MainThread | evc_gui.ui.main_window | Run aborted safely
2026-09-28 08:34:48,810 | INFO     | MainThread | evc_gui.state_machine | State transition IDLE -> CLEANUP: Application closing
2026-09-28 08:34:48,810 | INFO     | MainThread | evc_gui.ui.main_window | IDLE -> CLEANUP: Application closing
2026-09-28 08:34:48,854 | INFO     | MainThread | evc_gui.services.serial_service | Serial disconnected
2026-09-28 08:34:48,854 | INFO     | MainThread | evc_gui.state_machine | State transition CLEANUP -> EXIT: Cleanup complete
2026-09-28 08:34:48,855 | INFO     | MainThread | evc_gui.ui.main_window | CLEANUP -> EXIT: Cleanup complete
